// Jest Snapshot v1, https://goo.gl/fbAQLP

exports[`<TeachersList /> should render the component properly w/ Loading 1`] = `
<styled.div
  h="450px"
  oflowy="scroll"
  p="10px"
>
  <p>
    Loading ...
  </p>
</styled.div>
`;
